Sep 15 02:01:07 bredland python3[608493]: Pre-action hook configured for install-routerboot-update
Sep 15 02:01:07 bredland python3[608493]: Pre-action hook succeeded for install-routerboot-update
Sep 15 02:01:08 bredland python3[608493]: Trusted action timing: resolution='install-routerboot-update', script='noc-install-routerboot-update', validator_ns=385758475, hook_ns=1327016, executor_ns=757570370, response_ns=434827, total_ns=1145148910
Sep 15 02:01:08 bredland python3[608493]: Trusted action executor succeeded: resolution='install-routerboot-update', script='noc-install-routerboot-update'
Sep 15 02:01:09 bredland kernel: bcmgenet fd580000.ethernet eth0: Link is Down
Sep 15 02:01:15 bredland NetworkManager[618]: <info>  [1789430475.5871] device (eth0): state change: activated -> unavailable (reason 'carrier-changed', managed-type: 'full')
Sep 15 02:01:15 bredland NetworkManager[618]: <info>  [1789430475.5875] dhcp4 (eth0): canceled DHCP transaction
Sep 15 02:01:15 bredland NetworkManager[618]: <info>  [1789430475.5876] dhcp4 (eth0): activation: beginning transaction (timeout in 45 seconds)
Sep 15 02:01:15 bredland NetworkManager[618]: <info>  [1789430475.5876] dhcp4 (eth0): state changed no lease
Sep 15 02:01:15 bredland avahi-daemon[565]: Withdrawing address record for 192.168.88.5 on eth0.
Sep 15 02:01:15 bredland avahi-daemon[565]: Leaving mDNS multicast group on interface eth0.IPv4 with address 192.168.88.5.
Sep 15 02:01:15 bredland avahi-daemon[565]: Interface eth0.IPv4 no longer relevant for mDNS.
Sep 15 02:01:15 bredland avahi-daemon[565]: Withdrawing address record for fe80::c92d:f103:fba6:a7da on eth0.
Sep 15 02:01:15 bredland avahi-daemon[565]: Leaving mDNS multicast group on interface eth0.IPv6 with address fe80::c92d:f103:fba6:a7da.
Sep 15 02:01:15 bredland avahi-daemon[565]: Interface eth0.IPv6 no longer relevant for mDNS.
Sep 15 02:01:15 bredland NetworkManager[618]: <info>  [1789430475.6397] manager: NetworkManager state is now DISCONNECTED
Sep 15 02:01:15 bredland dbus-daemon[568]: [system] Activating via systemd: service name='org.freedesktop.nm_dispatcher' unit='dbus-org.freedesktop.nm-dispatcher.service' requested by ':1.7' (uid=0 pid=618 comm="/usr/sbin/NetworkManager --no-daemon")
Failed to find catalog entry: Bad message
Sep 15 02:01:15 bredland systemd[1]: Starting NetworkManager-dispatcher.service - Network Manager Script Dispatcher Service...
Sep 15 02:01:15 bredland dbus-daemon[568]: [system] Successfully activated service 'org.freedesktop.nm_dispatcher'
Failed to find catalog entry: Bad message
Sep 15 02:01:15 bredland systemd[1]: Started NetworkManager-dispatcher.service - Network Manager Script Dispatcher Service.
Failed to find catalog entry: Bad message
Sep 15 02:01:25 bredland systemd[1]: NetworkManager-dispatcher.service: Deactivated successfully.
Sep 15 02:02:01 bredland NetworkManager[618]: <info>  [1789430521.8022] device (eth0): carrier: link connected
Sep 15 02:02:01 bredland NetworkManager[618]: <info>  [1789430521.8031] device (eth0): state change: unavailable -> disconnected (reason 'carrier-changed', managed-type: 'full')
Sep 15 02:02:01 bredland kernel: bcmgenet fd580000.ethernet eth0: Link is Up - 1Gbps/Full - flow control off
Sep 15 02:02:01 bredland NetworkManager[618]: <info>  [1789430521.8056] policy: auto-activating connection 'Wired connection 1' (fb841f99-4b4e-3c7a-b843-61b5796bc8df)
Sep 15 02:02:01 bredland NetworkManager[618]: <info>  [1789430521.8077] device (eth0): Activation: starting connection 'Wired connection 1' (fb841f99-4b4e-3c7a-b843-61b5796bc8df)
Sep 15 02:02:01 bredland NetworkManager[618]: <info>  [1789430521.8081] device (eth0): state change: disconnected -> prepare (reason 'none', managed-type: 'full')
Sep 15 02:02:01 bredland NetworkManager[618]: <info>  [1789430521.8092] manager: NetworkManager state is now CONNECTING
Sep 15 02:02:01 bredland NetworkManager[618]: <info>  [1789430521.8099] device (eth0): state change: prepare -> config (reason 'none', managed-type: 'full')
Sep 15 02:02:01 bredland NetworkManager[618]: <info>  [1789430521.8115] device (eth0): state change: config -> ip-config (reason 'none', managed-type: 'full')
Sep 15 02:02:01 bredland NetworkManager[618]: <info>  [1789430521.8132] dhcp4 (eth0): activation: beginning transaction (timeout in 45 seconds)
Sep 15 02:02:01 bredland avahi-daemon[565]: Joining mDNS multicast group on interface eth0.IPv6 with address fe80::c92d:f103:fba6:a7da.
Sep 15 02:02:01 bredland avahi-daemon[565]: New relevant interface eth0.IPv6 for mDNS.
Sep 15 02:02:01 bredland avahi-daemon[565]: Registering new address record for fe80::c92d:f103:fba6:a7da on eth0.*.
Sep 15 02:02:11 bredland NetworkManager[618]: <info>  [1789430531.2785] dhcp4 (eth0): state changed new lease, address=192.168.88.5, acd pending
Sep 15 02:02:11 bredland NetworkManager[618]: <info>  [1789430531.4452] dhcp4 (eth0): state changed new lease, address=192.168.88.5
Sep 15 02:02:11 bredland avahi-daemon[565]: Joining mDNS multicast group on interface eth0.IPv4 with address 192.168.88.5.
Sep 15 02:02:11 bredland avahi-daemon[565]: New relevant interface eth0.IPv4 for mDNS.
Sep 15 02:02:11 bredland avahi-daemon[565]: Registering new address record for 192.168.88.5 on eth0.IPv4.
Sep 15 02:02:11 bredland NetworkManager[618]: <info>  [1789430531.4487] policy: set 'Wired connection 1' (eth0) as default for IPv4 routing and DNS
Sep 15 02:02:11 bredland NetworkManager[618]: <info>  [1789430531.4778] device (eth0): state change: ip-config -> ip-check (reason 'none', managed-type: 'full')
Sep 15 02:02:11 bredland dbus-daemon[568]: [system] Activating via systemd: service name='org.freedesktop.nm_dispatcher' unit='dbus-org.freedesktop.nm-dispatcher.service' requested by ':1.7' (uid=0 pid=618 comm="/usr/sbin/NetworkManager --no-daemon")
Failed to find catalog entry: Bad message
Sep 15 02:02:11 bredland systemd[1]: Starting NetworkManager-dispatcher.service - Network Manager Script Dispatcher Service...
Sep 15 02:02:11 bredland dbus-daemon[568]: [system] Successfully activated service 'org.freedesktop.nm_dispatcher'
Failed to find catalog entry: Bad message
Sep 15 02:02:11 bredland systemd[1]: Started NetworkManager-dispatcher.service - Network Manager Script Dispatcher Service.
Sep 15 02:02:11 bredland NetworkManager[618]: <info>  [1789430531.5695] device (eth0): state change: ip-check -> secondaries (reason 'none', managed-type: 'full')
Sep 15 02:02:11 bredland NetworkManager[618]: <info>  [1789430531.5701] device (eth0): state change: secondaries -> activated (reason 'none', managed-type: 'full')
Sep 15 02:02:11 bredland NetworkManager[618]: <info>  [1789430531.5710] manager: NetworkManager state is now CONNECTED_SITE
Sep 15 02:02:11 bredland NetworkManager[618]: <info>  [1789430531.5718] device (eth0): Activation: successful, device activated.
Sep 15 02:02:11 bredland NetworkManager[618]: <info>  [1789430531.5732] manager: NetworkManager state is now CONNECTED_GLOBAL
